Testing database connections...

ÔØî Connection failed with database: Eventos, user: postgres
   Error: la autentificaci´┐¢n password fall´┐¢ para el usuario ´┐¢postgres´┐¢
ÔØî Connection failed with database: postgres, user: postgres
   Error: la autentificaci´┐¢n password fall´┐¢ para el usuario ´┐¢postgres´┐¢
ÔØî Connection failed with database: postgres, user: postgres
   Error: la autentificaci´┐¢n password fall´┐¢ para el usuario ´┐¢postgres´┐¢
ÔØî Connection failed with database: postgres, user: postgres
   Error: la autentificaci´┐¢n password fall´┐¢ para el usuario ´┐¢postgres´┐¢
ÔØî Connection failed with database: api-rest-eventos, user: postgres
   Error: la autentificaci´┐¢n password fall´┐¢ para el usuario ´┐¢postgres´┐¢
ÔØî Connection failed with database: api-rest-eventos, user: user
   Error: la autentificaci´┐¢n password fall´┐¢ para el usuario ´┐¢user´┐¢
